node.exe : [baseline-browser-mapping] 
The data in this module is over two 
months old.  To ensure accurate Baseline 
data, please update: `npm i 
baseline-browser-mapping@latest -D`
At line:1 char:1
+ & "C:\Program Files\nodejs/node.exe" 
"C:\Program Files\nodejs/node_mo ...
+ ~~~~~~~~~~~~~~~~~~~~~~~~~~~~~~~~~~~~~~~
~~~~~~~~~~~~~~~~~~~~~~~~~~~~~~
    + CategoryInfo          : NotSpecifi 
   ed: ([baseline-brows...ping@latest -  
  D`:String) [], RemoteException
    + FullyQualifiedErrorId : NativeComm 
   andError
 
ΓÜá `eslint` configuration in 
next.config.mjs is no longer supported. 
See more info here: https://nextjs.org/do
cs/app/api-reference/cli/next#next-lint-o
ptions
ΓÜá Invalid next.config.mjs options 
detected: 
ΓÜá     Unrecognized key(s) in object: 
'eslint'
ΓÜá See more info here: https://nextjs.or
g/docs/messages/invalid-next-config
Γû▓ Next.js 16.1.6 (Turbopack)
- Experiments (use with caution):
  ┬╖ optimizePackageImports

ΓÜá The "middleware" file convention is 
deprecated. Please use "proxy" instead. 
Learn more: https://nextjs.org/docs/messa
ges/middleware-to-proxy
  Creating an optimized production build ...
[baseline-browser-mapping] The data in 
this module is over two months old.  To 
ensure accurate Baseline data, please 
update: `npm i 
baseline-browser-mapping@latest -D`
Γ¿» ERROR: This build is using 
Turbopack, with a `webpack` config and 
no `turbopack` config.
   This may be a mistake.

   As of Next.js 16 Turbopack is enabled 
by default and
   custom webpack configurations may 
need to be migrated to Turbopack.

   NOTE: your `webpack` config may have 
been added by a configuration plugin.

   To configure Turbopack, see https://ne
xtjs.org/docs/app/api-reference/next-conf
ig-js/turbopack

   TIP: Many applications work fine 
under Turbopack with no configuration,
   if that is the case for you, you can 
silence this error by passing the
   `--turbopack` or `--webpack` flag 
explicitly or simply setting an 
   empty turbopack config in your Next 
config file (e.g. `turbopack: {}`).

> Build error occurred
Error: Call retries were exceeded
    at ignore-listed frames {
  type: 'WorkerError'
}
